Archive member included to satisfy reference by file (symbol)

/home/riscv/tools/riscv-tools/SIFive-riscv-tools/2020.12/riscv64-unknown-elf-toolchain-10.2.0-2020.12.8-x86_64-linux-ubuntu14/bin/../lib/gcc/riscv64-unknown-elf/10.2.0/../../../../riscv64-unknown-elf/lib/rv64imfdc/lp64d/libm.a(lib_a-w_exp.o)
                              whetstone.o (exp)
/home/riscv/tools/riscv-tools/SIFive-riscv-tools/2020.12/riscv64-unknown-elf-toolchain-10.2.0-2020.12.8-x86_64-linux-ubuntu14/bin/../lib/gcc/riscv64-unknown-elf/10.2.0/../../../../riscv64-unknown-elf/lib/rv64imfdc/lp64d/libm.a(lib_a-w_log.o)
                              whetstone.o (log)
/home/riscv/tools/riscv-tools/SIFive-riscv-tools/2020.12/riscv64-unknown-elf-toolchain-10.2.0-2020.12.8-x86_64-linux-ubuntu14/bin/../lib/gcc/riscv64-unknown-elf/10.2.0/../../../../riscv64-unknown-elf/lib/rv64imfdc/lp64d/libm.a(lib_a-w_sqrt.o)
                              whetstone.o (sqrt)
/home/riscv/tools/riscv-tools/SIFive-riscv-tools/2020.12/riscv64-unknown-elf-toolchain-10.2.0-2020.12.8-x86_64-linux-ubuntu14/bin/../lib/gcc/riscv64-unknown-elf/10.2.0/../../../../riscv64-unknown-elf/lib/rv64imfdc/lp64d/libm.a(lib_a-e_exp.o)
                              /home/riscv/tools/riscv-tools/SIFive-riscv-tools/2020.12/riscv64-unknown-elf-toolchain-10.2.0-2020.12.8-x86_64-linux-ubuntu14/bin/../lib/gcc/riscv64-unknown-elf/10.2.0/../../../../riscv64-unknown-elf/lib/rv64imfdc/lp64d/libm.a(lib_a-w_exp.o) (__ieee754_exp)
/home/riscv/tools/riscv-tools/SIFive-riscv-tools/2020.12/riscv64-unknown-elf-toolchain-10.2.0-2020.12.8-x86_64-linux-ubuntu14/bin/../lib/gcc/riscv64-unknown-elf/10.2.0/../../../../riscv64-unknown-elf/lib/rv64imfdc/lp64d/libm.a(lib_a-e_log.o)
                              /home/riscv/tools/riscv-tools/SIFive-riscv-tools/2020.12/riscv64-unknown-elf-toolchain-10.2.0-2020.12.8-x86_64-linux-ubuntu14/bin/../lib/gcc/riscv64-unknown-elf/10.2.0/../../../../riscv64-unknown-elf/lib/rv64imfdc/lp64d/libm.a(lib_a-w_log.o) (__ieee754_log)
/home/riscv/tools/riscv-tools/SIFive-riscv-tools/2020.12/riscv64-unknown-elf-toolchain-10.2.0-2020.12.8-x86_64-linux-ubuntu14/bin/../lib/gcc/riscv64-unknown-elf/10.2.0/../../../../riscv64-unknown-elf/lib/rv64imfdc/lp64d/libm.a(lib_a-e_sqrt.o)
                              /home/riscv/tools/riscv-tools/SIFive-riscv-tools/2020.12/riscv64-unknown-elf-toolchain-10.2.0-2020.12.8-x86_64-linux-ubuntu14/bin/../lib/gcc/riscv64-unknown-elf/10.2.0/../../../../riscv64-unknown-elf/lib/rv64imfdc/lp64d/libm.a(lib_a-w_sqrt.o) (__ieee754_sqrt)
/home/riscv/tools/riscv-tools/SIFive-riscv-tools/2020.12/riscv64-unknown-elf-toolchain-10.2.0-2020.12.8-x86_64-linux-ubuntu14/bin/../lib/gcc/riscv64-unknown-elf/10.2.0/../../../../riscv64-unknown-elf/lib/rv64imfdc/lp64d/libm.a(lib_a-math_err.o)
                              /home/riscv/tools/riscv-tools/SIFive-riscv-tools/2020.12/riscv64-unknown-elf-toolchain-10.2.0-2020.12.8-x86_64-linux-ubuntu14/bin/../lib/gcc/riscv64-unknown-elf/10.2.0/../../../../riscv64-unknown-elf/lib/rv64imfdc/lp64d/libm.a(lib_a-e_exp.o) (__math_uflow)
/home/riscv/tools/riscv-tools/SIFive-riscv-tools/2020.12/riscv64-unknown-elf-toolchain-10.2.0-2020.12.8-x86_64-linux-ubuntu14/bin/../lib/gcc/riscv64-unknown-elf/10.2.0/../../../../riscv64-unknown-elf/lib/rv64imfdc/lp64d/libm.a(lib_a-s_finite.o)
                              /home/riscv/tools/riscv-tools/SIFive-riscv-tools/2020.12/riscv64-unknown-elf-toolchain-10.2.0-2020.12.8-x86_64-linux-ubuntu14/bin/../lib/gcc/riscv64-unknown-elf/10.2.0/../../../../riscv64-unknown-elf/lib/rv64imfdc/lp64d/libm.a(lib_a-w_exp.o) (finite)
/home/riscv/tools/riscv-tools/SIFive-riscv-tools/2020.12/riscv64-unknown-elf-toolchain-10.2.0-2020.12.8-x86_64-linux-ubuntu14/bin/../lib/gcc/riscv64-unknown-elf/10.2.0/../../../../riscv64-unknown-elf/lib/rv64imfdc/lp64d/libm.a(lib_a-s_nan.o)
                              /home/riscv/tools/riscv-tools/SIFive-riscv-tools/2020.12/riscv64-unknown-elf-toolchain-10.2.0-2020.12.8-x86_64-linux-ubuntu14/bin/../lib/gcc/riscv64-unknown-elf/10.2.0/../../../../riscv64-unknown-elf/lib/rv64imfdc/lp64d/libm.a(lib_a-w_log.o) (nan)
/home/riscv/tools/riscv-tools/SIFive-riscv-tools/2020.12/riscv64-unknown-elf-toolchain-10.2.0-2020.12.8-x86_64-linux-ubuntu14/bin/../lib/gcc/riscv64-unknown-elf/10.2.0/../../../../riscv64-unknown-elf/lib/rv64imfdc/lp64d/libc.a(lib_a-atol.o)
                              whetstone.o (atol)
/home/riscv/tools/riscv-tools/SIFive-riscv-tools/2020.12/riscv64-unknown-elf-toolchain-10.2.0-2020.12.8-x86_64-linux-ubuntu14/bin/../lib/gcc/riscv64-unknown-elf/10.2.0/../../../../riscv64-unknown-elf/lib/rv64imfdc/lp64d/libc.a(lib_a-errno.o)
                              /home/riscv/tools/riscv-tools/SIFive-riscv-tools/2020.12/riscv64-unknown-elf-toolchain-10.2.0-2020.12.8-x86_64-linux-ubuntu14/bin/../lib/gcc/riscv64-unknown-elf/10.2.0/../../../../riscv64-unknown-elf/lib/rv64imfdc/lp64d/libm.a(lib_a-w_exp.o) (__errno)
/home/riscv/tools/riscv-tools/SIFive-riscv-tools/2020.12/riscv64-unknown-elf-toolchain-10.2.0-2020.12.8-x86_64-linux-ubuntu14/bin/../lib/gcc/riscv64-unknown-elf/10.2.0/../../../../riscv64-unknown-elf/lib/rv64imfdc/lp64d/libc.a(lib_a-impure.o)
                              /home/riscv/tools/riscv-tools/SIFive-riscv-tools/2020.12/riscv64-unknown-elf-toolchain-10.2.0-2020.12.8-x86_64-linux-ubuntu14/bin/../lib/gcc/riscv64-unknown-elf/10.2.0/../../../../riscv64-unknown-elf/lib/rv64imfdc/lp64d/libc.a(lib_a-errno.o) (_impure_ptr)
/home/riscv/tools/riscv-tools/SIFive-riscv-tools/2020.12/riscv64-unknown-elf-toolchain-10.2.0-2020.12.8-x86_64-linux-ubuntu14/bin/../lib/gcc/riscv64-unknown-elf/10.2.0/../../../../riscv64-unknown-elf/lib/rv64imfdc/lp64d/libc.a(lib_a-strtol.o)
                              /home/riscv/tools/riscv-tools/SIFive-riscv-tools/2020.12/riscv64-unknown-elf-toolchain-10.2.0-2020.12.8-x86_64-linux-ubuntu14/bin/../lib/gcc/riscv64-unknown-elf/10.2.0/../../../../riscv64-unknown-elf/lib/rv64imfdc/lp64d/libc.a(lib_a-atol.o) (_strtol_r)
/home/riscv/tools/riscv-tools/SIFive-riscv-tools/2020.12/riscv64-unknown-elf-toolchain-10.2.0-2020.12.8-x86_64-linux-ubuntu14/bin/../lib/gcc/riscv64-unknown-elf/10.2.0/../../../../riscv64-unknown-elf/lib/rv64imfdc/lp64d/libc.a(lib_a-ctype_.o)
                              /home/riscv/tools/riscv-tools/SIFive-riscv-tools/2020.12/riscv64-unknown-elf-toolchain-10.2.0-2020.12.8-x86_64-linux-ubuntu14/bin/../lib/gcc/riscv64-unknown-elf/10.2.0/../../../../riscv64-unknown-elf/lib/rv64imfdc/lp64d/libc.a(lib_a-strtol.o) (_ctype_)

Memory Configuration

Name             Origin             Length             Attributes
*default*        0x0000000000000000 0xffffffffffffffff

Linker script and memory map

LOAD /home/riscv/tools/riscv-tools/SIFive-riscv-tools/2020.12/riscv64-unknown-elf-toolchain-10.2.0-2020.12.8-x86_64-linux-ubuntu14/bin/../lib/gcc/riscv64-unknown-elf/10.2.0/rv64imfdc/lp64d/libgcc.a
LOAD crt0.o
LOAD printf.o
LOAD whetstone.o
LOAD /home/riscv/tools/riscv-tools/SIFive-riscv-tools/2020.12/riscv64-unknown-elf-toolchain-10.2.0-2020.12.8-x86_64-linux-ubuntu14/bin/../lib/gcc/riscv64-unknown-elf/10.2.0/../../../../riscv64-unknown-elf/lib/rv64imfdc/lp64d/libm.a
LOAD /home/riscv/tools/riscv-tools/SIFive-riscv-tools/2020.12/riscv64-unknown-elf-toolchain-10.2.0-2020.12.8-x86_64-linux-ubuntu14/bin/../lib/gcc/riscv64-unknown-elf/10.2.0/rv64imfdc/lp64d/libgcc.a
START GROUP
LOAD /home/riscv/tools/riscv-tools/SIFive-riscv-tools/2020.12/riscv64-unknown-elf-toolchain-10.2.0-2020.12.8-x86_64-linux-ubuntu14/bin/../lib/gcc/riscv64-unknown-elf/10.2.0/../../../../riscv64-unknown-elf/lib/rv64imfdc/lp64d/libc.a
LOAD /home/riscv/tools/riscv-tools/SIFive-riscv-tools/2020.12/riscv64-unknown-elf-toolchain-10.2.0-2020.12.8-x86_64-linux-ubuntu14/bin/../lib/gcc/riscv64-unknown-elf/10.2.0/../../../../riscv64-unknown-elf/lib/rv64imfdc/lp64d/libgloss.a
END GROUP
LOAD /home/riscv/tools/riscv-tools/SIFive-riscv-tools/2020.12/riscv64-unknown-elf-toolchain-10.2.0-2020.12.8-x86_64-linux-ubuntu14/bin/../lib/gcc/riscv64-unknown-elf/10.2.0/rv64imfdc/lp64d/libgcc.a
                0x0000000000000000                . = 0x0

.text           0x0000000000000000     0x38b8
 *(.text*)
 .text          0x0000000000000000        0x0 crt0.o
 .text.init     0x0000000000000000       0x4c crt0.o
                0x0000000000000000                _start
                0x0000000000000018                _finish
 .text          0x000000000000004c     0x2556 printf.o
                0x000000000000247a                _putchar
                0x00000000000024bc                printf_
                0x00000000000024ec                sprintf_
                0x0000000000002518                snprintf_
                0x0000000000002542                vprintf_
                0x000000000000255e                vsnprintf_
                0x000000000000256e                fctprintf
 .text          0x00000000000025a2      0x204 whetstone.o
                0x00000000000025a2                PA
                0x0000000000002722                P0
                0x000000000000276a                P3
                0x0000000000002790                get_cycles
                0x0000000000002796                cycles_to_secs
 .text.startup  0x00000000000027a6      0x848 whetstone.o
                0x00000000000027a6                main
 .text          0x0000000000002fee       0x78 /home/riscv/tools/riscv-tools/SIFive-riscv-tools/2020.12/riscv64-unknown-elf-toolchain-10.2.0-2020.12.8-x86_64-linux-ubuntu14/bin/../lib/gcc/riscv64-unknown-elf/10.2.0/../../../../riscv64-unknown-elf/lib/rv64imfdc/lp64d/libm.a(lib_a-w_exp.o)
                0x0000000000002fee                exp
 .text          0x0000000000003066       0x58 /home/riscv/tools/riscv-tools/SIFive-riscv-tools/2020.12/riscv64-unknown-elf-toolchain-10.2.0-2020.12.8-x86_64-linux-ubuntu14/bin/../lib/gcc/riscv64-unknown-elf/10.2.0/../../../../riscv64-unknown-elf/lib/rv64imfdc/lp64d/libm.a(lib_a-w_log.o)
                0x0000000000003066                log
 .text          0x00000000000030be       0x42 /home/riscv/tools/riscv-tools/SIFive-riscv-tools/2020.12/riscv64-unknown-elf-toolchain-10.2.0-2020.12.8-x86_64-linux-ubuntu14/bin/../lib/gcc/riscv64-unknown-elf/10.2.0/../../../../riscv64-unknown-elf/lib/rv64imfdc/lp64d/libm.a(lib_a-w_sqrt.o)
                0x00000000000030be                sqrt
 .text          0x0000000000003100      0x26c /home/riscv/tools/riscv-tools/SIFive-riscv-tools/2020.12/riscv64-unknown-elf-toolchain-10.2.0-2020.12.8-x86_64-linux-ubuntu14/bin/../lib/gcc/riscv64-unknown-elf/10.2.0/../../../../riscv64-unknown-elf/lib/rv64imfdc/lp64d/libm.a(lib_a-e_exp.o)
                0x0000000000003100                __ieee754_exp
 .text          0x000000000000336c      0x25a /home/riscv/tools/riscv-tools/SIFive-riscv-tools/2020.12/riscv64-unknown-elf-toolchain-10.2.0-2020.12.8-x86_64-linux-ubuntu14/bin/../lib/gcc/riscv64-unknown-elf/10.2.0/../../../../riscv64-unknown-elf/lib/rv64imfdc/lp64d/libm.a(lib_a-e_log.o)
                0x000000000000336c                __ieee754_log
 .text          0x00000000000035c6        0x6 /home/riscv/tools/riscv-tools/SIFive-riscv-tools/2020.12/riscv64-unknown-elf-toolchain-10.2.0-2020.12.8-x86_64-linux-ubuntu14/bin/../lib/gcc/riscv64-unknown-elf/10.2.0/../../../../riscv64-unknown-elf/lib/rv64imfdc/lp64d/libm.a(lib_a-e_sqrt.o)
                0x00000000000035c6                __ieee754_sqrt
 .text          0x00000000000035cc       0xda /home/riscv/tools/riscv-tools/SIFive-riscv-tools/2020.12/riscv64-unknown-elf-toolchain-10.2.0-2020.12.8-x86_64-linux-ubuntu14/bin/../lib/gcc/riscv64-unknown-elf/10.2.0/../../../../riscv64-unknown-elf/lib/rv64imfdc/lp64d/libm.a(lib_a-math_err.o)
                0x0000000000003602                __math_uflow
                0x000000000000360c                __math_may_uflow
                0x0000000000003616                __math_oflow
                0x0000000000003620                __math_divzero
                0x000000000000365c                __math_invalid
                0x0000000000003672                __math_check_uflow
                0x0000000000003684                __math_check_oflow
 .text          0x00000000000036a6        0xe /home/riscv/tools/riscv-tools/SIFive-riscv-tools/2020.12/riscv64-unknown-elf-toolchain-10.2.0-2020.12.8-x86_64-linux-ubuntu14/bin/../lib/gcc/riscv64-unknown-elf/10.2.0/../../../../riscv64-unknown-elf/lib/rv64imfdc/lp64d/libm.a(lib_a-s_finite.o)
                0x00000000000036a6                finite
 .text          0x00000000000036b4        0xa /home/riscv/tools/riscv-tools/SIFive-riscv-tools/2020.12/riscv64-unknown-elf-toolchain-10.2.0-2020.12.8-x86_64-linux-ubuntu14/bin/../lib/gcc/riscv64-unknown-elf/10.2.0/../../../../riscv64-unknown-elf/lib/rv64imfdc/lp64d/libm.a(lib_a-s_nan.o)
                0x00000000000036b4                nan
 .text          0x00000000000036be        0xc /home/riscv/tools/riscv-tools/SIFive-riscv-tools/2020.12/riscv64-unknown-elf-toolchain-10.2.0-2020.12.8-x86_64-linux-ubuntu14/bin/../lib/gcc/riscv64-unknown-elf/10.2.0/../../../../riscv64-unknown-elf/lib/rv64imfdc/lp64d/libc.a(lib_a-atol.o)
                0x00000000000036be                atol
                0x00000000000036c4                _atol_r
 .text          0x00000000000036ca        0xa /home/riscv/tools/riscv-tools/SIFive-riscv-tools/2020.12/riscv64-unknown-elf-toolchain-10.2.0-2020.12.8-x86_64-linux-ubuntu14/bin/../lib/gcc/riscv64-unknown-elf/10.2.0/../../../../riscv64-unknown-elf/lib/rv64imfdc/lp64d/libc.a(lib_a-errno.o)
                0x00000000000036ca                __errno
 .text          0x00000000000036d4        0x0 /home/riscv/tools/riscv-tools/SIFive-riscv-tools/2020.12/riscv64-unknown-elf-toolchain-10.2.0-2020.12.8-x86_64-linux-ubuntu14/bin/../lib/gcc/riscv64-unknown-elf/10.2.0/../../../../riscv64-unknown-elf/lib/rv64imfdc/lp64d/libc.a(lib_a-impure.o)
 .text          0x00000000000036d4      0x1e4 /home/riscv/tools/riscv-tools/SIFive-riscv-tools/2020.12/riscv64-unknown-elf-toolchain-10.2.0-2020.12.8-x86_64-linux-ubuntu14/bin/../lib/gcc/riscv64-unknown-elf/10.2.0/../../../../riscv64-unknown-elf/lib/rv64imfdc/lp64d/libc.a(lib_a-strtol.o)
                0x0000000000003830                _strtol_r
                0x0000000000003854                strtol_l
                0x0000000000003886                strtol
 .text          0x00000000000038b8        0x0 /home/riscv/tools/riscv-tools/SIFive-riscv-tools/2020.12/riscv64-unknown-elf-toolchain-10.2.0-2020.12.8-x86_64-linux-ubuntu14/bin/../lib/gcc/riscv64-unknown-elf/10.2.0/../../../../riscv64-unknown-elf/lib/rv64imfdc/lp64d/libc.a(lib_a-ctype_.o)
                0x00000000000038b8                _end = .

.srodata.cst8   0x00000000000038b8      0x1a0
 .srodata.cst8  0x00000000000038b8       0x98 printf.o
 .srodata.cst8  0x0000000000003950       0x28 whetstone.o
                                         0x40 (size before relaxing)
 .srodata.cst8  0x0000000000003978       0x18 /home/riscv/tools/riscv-tools/SIFive-riscv-tools/2020.12/riscv64-unknown-elf-toolchain-10.2.0-2020.12.8-x86_64-linux-ubuntu14/bin/../lib/gcc/riscv64-unknown-elf/10.2.0/../../../../riscv64-unknown-elf/lib/rv64imfdc/lp64d/libm.a(lib_a-w_exp.o)
 .srodata.cst8  0x0000000000003990        0x8 /home/riscv/tools/riscv-tools/SIFive-riscv-tools/2020.12/riscv64-unknown-elf-toolchain-10.2.0-2020.12.8-x86_64-linux-ubuntu14/bin/../lib/gcc/riscv64-unknown-elf/10.2.0/../../../../riscv64-unknown-elf/lib/rv64imfdc/lp64d/libm.a(lib_a-w_log.o)
 .srodata.cst8  0x0000000000003998       0x50 /home/riscv/tools/riscv-tools/SIFive-riscv-tools/2020.12/riscv64-unknown-elf-toolchain-10.2.0-2020.12.8-x86_64-linux-ubuntu14/bin/../lib/gcc/riscv64-unknown-elf/10.2.0/../../../../riscv64-unknown-elf/lib/rv64imfdc/lp64d/libm.a(lib_a-e_exp.o)
                                         0x70 (size before relaxing)
 .srodata.cst8  0x00000000000039e8       0x50 /home/riscv/tools/riscv-tools/SIFive-riscv-tools/2020.12/riscv64-unknown-elf-toolchain-10.2.0-2020.12.8-x86_64-linux-ubuntu14/bin/../lib/gcc/riscv64-unknown-elf/10.2.0/../../../../riscv64-unknown-elf/lib/rv64imfdc/lp64d/libm.a(lib_a-e_log.o)
                                         0x78 (size before relaxing)
 .srodata.cst8  0x0000000000003a38       0x18 /home/riscv/tools/riscv-tools/SIFive-riscv-tools/2020.12/riscv64-unknown-elf-toolchain-10.2.0-2020.12.8-x86_64-linux-ubuntu14/bin/../lib/gcc/riscv64-unknown-elf/10.2.0/../../../../riscv64-unknown-elf/lib/rv64imfdc/lp64d/libm.a(lib_a-math_err.o)
                                         0x30 (size before relaxing)
 .srodata.cst8  0x0000000000003a50        0x8 /home/riscv/tools/riscv-tools/SIFive-riscv-tools/2020.12/riscv64-unknown-elf-toolchain-10.2.0-2020.12.8-x86_64-linux-ubuntu14/bin/../lib/gcc/riscv64-unknown-elf/10.2.0/../../../../riscv64-unknown-elf/lib/rv64imfdc/lp64d/libm.a(lib_a-s_nan.o)

.srodata.cst4   0x0000000000003a58        0xc
 .srodata.cst4  0x0000000000003a58        0xc whetstone.o

.rela.dyn       0x0000000000003a68        0x0
 .rela.text.init
                0x0000000000003a68        0x0 crt0.o
                0x0000000000010000                . = 0x10000

.data           0x0000000000010000      0xbe1
 *(.*data)
 .data          0x0000000000010000        0x0 crt0.o
 .data          0x0000000000010000        0x0 printf.o
 .rodata        0x0000000000010000      0x230 printf.o
 .data          0x0000000000010230        0x0 whetstone.o
 .data          0x0000000000010230        0x0 /home/riscv/tools/riscv-tools/SIFive-riscv-tools/2020.12/riscv64-unknown-elf-toolchain-10.2.0-2020.12.8-x86_64-linux-ubuntu14/bin/../lib/gcc/riscv64-unknown-elf/10.2.0/../../../../riscv64-unknown-elf/lib/rv64imfdc/lp64d/libm.a(lib_a-w_exp.o)
 .data          0x0000000000010230        0x0 /home/riscv/tools/riscv-tools/SIFive-riscv-tools/2020.12/riscv64-unknown-elf-toolchain-10.2.0-2020.12.8-x86_64-linux-ubuntu14/bin/../lib/gcc/riscv64-unknown-elf/10.2.0/../../../../riscv64-unknown-elf/lib/rv64imfdc/lp64d/libm.a(lib_a-w_log.o)
 .data          0x0000000000010230        0x0 /home/riscv/tools/riscv-tools/SIFive-riscv-tools/2020.12/riscv64-unknown-elf-toolchain-10.2.0-2020.12.8-x86_64-linux-ubuntu14/bin/../lib/gcc/riscv64-unknown-elf/10.2.0/../../../../riscv64-unknown-elf/lib/rv64imfdc/lp64d/libm.a(lib_a-w_sqrt.o)
 .data          0x0000000000010230        0x0 /home/riscv/tools/riscv-tools/SIFive-riscv-tools/2020.12/riscv64-unknown-elf-toolchain-10.2.0-2020.12.8-x86_64-linux-ubuntu14/bin/../lib/gcc/riscv64-unknown-elf/10.2.0/../../../../riscv64-unknown-elf/lib/rv64imfdc/lp64d/libm.a(lib_a-e_exp.o)
 .rodata        0x0000000000010230       0x30 /home/riscv/tools/riscv-tools/SIFive-riscv-tools/2020.12/riscv64-unknown-elf-toolchain-10.2.0-2020.12.8-x86_64-linux-ubuntu14/bin/../lib/gcc/riscv64-unknown-elf/10.2.0/../../../../riscv64-unknown-elf/lib/rv64imfdc/lp64d/libm.a(lib_a-e_exp.o)
 .data          0x0000000000010260        0x0 /home/riscv/tools/riscv-tools/SIFive-riscv-tools/2020.12/riscv64-unknown-elf-toolchain-10.2.0-2020.12.8-x86_64-linux-ubuntu14/bin/../lib/gcc/riscv64-unknown-elf/10.2.0/../../../../riscv64-unknown-elf/lib/rv64imfdc/lp64d/libm.a(lib_a-e_log.o)
 .data          0x0000000000010260        0x0 /home/riscv/tools/riscv-tools/SIFive-riscv-tools/2020.12/riscv64-unknown-elf-toolchain-10.2.0-2020.12.8-x86_64-linux-ubuntu14/bin/../lib/gcc/riscv64-unknown-elf/10.2.0/../../../../riscv64-unknown-elf/lib/rv64imfdc/lp64d/libm.a(lib_a-e_sqrt.o)
 .data          0x0000000000010260        0x0 /home/riscv/tools/riscv-tools/SIFive-riscv-tools/2020.12/riscv64-unknown-elf-toolchain-10.2.0-2020.12.8-x86_64-linux-ubuntu14/bin/../lib/gcc/riscv64-unknown-elf/10.2.0/../../../../riscv64-unknown-elf/lib/rv64imfdc/lp64d/libm.a(lib_a-math_err.o)
 .data          0x0000000000010260        0x0 /home/riscv/tools/riscv-tools/SIFive-riscv-tools/2020.12/riscv64-unknown-elf-toolchain-10.2.0-2020.12.8-x86_64-linux-ubuntu14/bin/../lib/gcc/riscv64-unknown-elf/10.2.0/../../../../riscv64-unknown-elf/lib/rv64imfdc/lp64d/libm.a(lib_a-s_finite.o)
 .data          0x0000000000010260        0x0 /home/riscv/tools/riscv-tools/SIFive-riscv-tools/2020.12/riscv64-unknown-elf-toolchain-10.2.0-2020.12.8-x86_64-linux-ubuntu14/bin/../lib/gcc/riscv64-unknown-elf/10.2.0/../../../../riscv64-unknown-elf/lib/rv64imfdc/lp64d/libm.a(lib_a-s_nan.o)
 .data          0x0000000000010260        0x0 /home/riscv/tools/riscv-tools/SIFive-riscv-tools/2020.12/riscv64-unknown-elf-toolchain-10.2.0-2020.12.8-x86_64-linux-ubuntu14/bin/../lib/gcc/riscv64-unknown-elf/10.2.0/../../../../riscv64-unknown-elf/lib/rv64imfdc/lp64d/libc.a(lib_a-atol.o)
 .data          0x0000000000010260        0x0 /home/riscv/tools/riscv-tools/SIFive-riscv-tools/2020.12/riscv64-unknown-elf-toolchain-10.2.0-2020.12.8-x86_64-linux-ubuntu14/bin/../lib/gcc/riscv64-unknown-elf/10.2.0/../../../../riscv64-unknown-elf/lib/rv64imfdc/lp64d/libc.a(lib_a-errno.o)
 .data          0x0000000000010260      0x748 /home/riscv/tools/riscv-tools/SIFive-riscv-tools/2020.12/riscv64-unknown-elf-toolchain-10.2.0-2020.12.8-x86_64-linux-ubuntu14/bin/../lib/gcc/riscv64-unknown-elf/10.2.0/../../../../riscv64-unknown-elf/lib/rv64imfdc/lp64d/libc.a(lib_a-impure.o)
 .sdata         0x00000000000109a8        0x8 /home/riscv/tools/riscv-tools/SIFive-riscv-tools/2020.12/riscv64-unknown-elf-toolchain-10.2.0-2020.12.8-x86_64-linux-ubuntu14/bin/../lib/gcc/riscv64-unknown-elf/10.2.0/../../../../riscv64-unknown-elf/lib/rv64imfdc/lp64d/libc.a(lib_a-impure.o)
                0x00000000000109a8                _impure_ptr
 .srodata       0x00000000000109b0        0x8 /home/riscv/tools/riscv-tools/SIFive-riscv-tools/2020.12/riscv64-unknown-elf-toolchain-10.2.0-2020.12.8-x86_64-linux-ubuntu14/bin/../lib/gcc/riscv64-unknown-elf/10.2.0/../../../../riscv64-unknown-elf/lib/rv64imfdc/lp64d/libc.a(lib_a-impure.o)
                0x00000000000109b0                _global_impure_ptr
 .data          0x00000000000109b8        0x0 /home/riscv/tools/riscv-tools/SIFive-riscv-tools/2020.12/riscv64-unknown-elf-toolchain-10.2.0-2020.12.8-x86_64-linux-ubuntu14/bin/../lib/gcc/riscv64-unknown-elf/10.2.0/../../../../riscv64-unknown-elf/lib/rv64imfdc/lp64d/libc.a(lib_a-strtol.o)
 .data          0x00000000000109b8        0x0 /home/riscv/tools/riscv-tools/SIFive-riscv-tools/2020.12/riscv64-unknown-elf-toolchain-10.2.0-2020.12.8-x86_64-linux-ubuntu14/bin/../lib/gcc/riscv64-unknown-elf/10.2.0/../../../../riscv64-unknown-elf/lib/rv64imfdc/lp64d/libc.a(lib_a-ctype_.o)
 .rodata        0x00000000000109b8      0x101 /home/riscv/tools/riscv-tools/SIFive-riscv-tools/2020.12/riscv64-unknown-elf-toolchain-10.2.0-2020.12.8-x86_64-linux-ubuntu14/bin/../lib/gcc/riscv64-unknown-elf/10.2.0/../../../../riscv64-unknown-elf/lib/rv64imfdc/lp64d/libc.a(lib_a-ctype_.o)
                0x00000000000109b8                _ctype_
 *(.rodata*)
 *fill*         0x0000000000010ab9        0x7 
 .rodata.str1.8
                0x0000000000010ac0       0x1d printf.o
 *fill*         0x0000000000010add        0x3 
 .rodata.str1.8
                0x0000000000010ae0       0xfc whetstone.o
                                        0x104 (size before relaxing)
 *fill*         0x0000000000010bdc        0x4 
 .rodata.str1.8
                0x0000000000010be0        0x1 /home/riscv/tools/riscv-tools/SIFive-riscv-tools/2020.12/riscv64-unknown-elf-toolchain-10.2.0-2020.12.8-x86_64-linux-ubuntu14/bin/../lib/gcc/riscv64-unknown-elf/10.2.0/../../../../riscv64-unknown-elf/lib/rv64imfdc/lp64d/libm.a(lib_a-w_log.o)
                0x0000000000018bf0                STACK = (ALIGN (0x10) + 0x8000)

.bss            0x0000000000010be8       0x28
 *(.bss)
 .bss           0x0000000000010be8        0x0 crt0.o
 .bss           0x0000000000010be8        0x0 printf.o
 .bss           0x0000000000010be8       0x28 whetstone.o
                0x0000000000010be8                E1
 .bss           0x0000000000010c10        0x0 /home/riscv/tools/riscv-tools/SIFive-riscv-tools/2020.12/riscv64-unknown-elf-toolchain-10.2.0-2020.12.8-x86_64-linux-ubuntu14/bin/../lib/gcc/riscv64-unknown-elf/10.2.0/../../../../riscv64-unknown-elf/lib/rv64imfdc/lp64d/libm.a(lib_a-w_exp.o)
 .bss           0x0000000000010c10        0x0 /home/riscv/tools/riscv-tools/SIFive-riscv-tools/2020.12/riscv64-unknown-elf-toolchain-10.2.0-2020.12.8-x86_64-linux-ubuntu14/bin/../lib/gcc/riscv64-unknown-elf/10.2.0/../../../../riscv64-unknown-elf/lib/rv64imfdc/lp64d/libm.a(lib_a-w_log.o)
 .bss           0x0000000000010c10        0x0 /home/riscv/tools/riscv-tools/SIFive-riscv-tools/2020.12/riscv64-unknown-elf-toolchain-10.2.0-2020.12.8-x86_64-linux-ubuntu14/bin/../lib/gcc/riscv64-unknown-elf/10.2.0/../../../../riscv64-unknown-elf/lib/rv64imfdc/lp64d/libm.a(lib_a-w_sqrt.o)
 .bss           0x0000000000010c10        0x0 /home/riscv/tools/riscv-tools/SIFive-riscv-tools/2020.12/riscv64-unknown-elf-toolchain-10.2.0-2020.12.8-x86_64-linux-ubuntu14/bin/../lib/gcc/riscv64-unknown-elf/10.2.0/../../../../riscv64-unknown-elf/lib/rv64imfdc/lp64d/libm.a(lib_a-e_exp.o)
 .bss           0x0000000000010c10        0x0 /home/riscv/tools/riscv-tools/SIFive-riscv-tools/2020.12/riscv64-unknown-elf-toolchain-10.2.0-2020.12.8-x86_64-linux-ubuntu14/bin/../lib/gcc/riscv64-unknown-elf/10.2.0/../../../../riscv64-unknown-elf/lib/rv64imfdc/lp64d/libm.a(lib_a-e_log.o)
 .bss           0x0000000000010c10        0x0 /home/riscv/tools/riscv-tools/SIFive-riscv-tools/2020.12/riscv64-unknown-elf-toolchain-10.2.0-2020.12.8-x86_64-linux-ubuntu14/bin/../lib/gcc/riscv64-unknown-elf/10.2.0/../../../../riscv64-unknown-elf/lib/rv64imfdc/lp64d/libm.a(lib_a-e_sqrt.o)
 .bss           0x0000000000010c10        0x0 /home/riscv/tools/riscv-tools/SIFive-riscv-tools/2020.12/riscv64-unknown-elf-toolchain-10.2.0-2020.12.8-x86_64-linux-ubuntu14/bin/../lib/gcc/riscv64-unknown-elf/10.2.0/../../../../riscv64-unknown-elf/lib/rv64imfdc/lp64d/libm.a(lib_a-math_err.o)
 .bss           0x0000000000010c10        0x0 /home/riscv/tools/riscv-tools/SIFive-riscv-tools/2020.12/riscv64-unknown-elf-toolchain-10.2.0-2020.12.8-x86_64-linux-ubuntu14/bin/../lib/gcc/riscv64-unknown-elf/10.2.0/../../../../riscv64-unknown-elf/lib/rv64imfdc/lp64d/libm.a(lib_a-s_finite.o)
 .bss           0x0000000000010c10        0x0 /home/riscv/tools/riscv-tools/SIFive-riscv-tools/2020.12/riscv64-unknown-elf-toolchain-10.2.0-2020.12.8-x86_64-linux-ubuntu14/bin/../lib/gcc/riscv64-unknown-elf/10.2.0/../../../../riscv64-unknown-elf/lib/rv64imfdc/lp64d/libm.a(lib_a-s_nan.o)
 .bss           0x0000000000010c10        0x0 /home/riscv/tools/riscv-tools/SIFive-riscv-tools/2020.12/riscv64-unknown-elf-toolchain-10.2.0-2020.12.8-x86_64-linux-ubuntu14/bin/../lib/gcc/riscv64-unknown-elf/10.2.0/../../../../riscv64-unknown-elf/lib/rv64imfdc/lp64d/libc.a(lib_a-atol.o)
 .bss           0x0000000000010c10        0x0 /home/riscv/tools/riscv-tools/SIFive-riscv-tools/2020.12/riscv64-unknown-elf-toolchain-10.2.0-2020.12.8-x86_64-linux-ubuntu14/bin/../lib/gcc/riscv64-unknown-elf/10.2.0/../../../../riscv64-unknown-elf/lib/rv64imfdc/lp64d/libc.a(lib_a-errno.o)
 .bss           0x0000000000010c10        0x0 /home/riscv/tools/riscv-tools/SIFive-riscv-tools/2020.12/riscv64-unknown-elf-toolchain-10.2.0-2020.12.8-x86_64-linux-ubuntu14/bin/../lib/gcc/riscv64-unknown-elf/10.2.0/../../../../riscv64-unknown-elf/lib/rv64imfdc/lp64d/libc.a(lib_a-impure.o)
 .bss           0x0000000000010c10        0x0 /home/riscv/tools/riscv-tools/SIFive-riscv-tools/2020.12/riscv64-unknown-elf-toolchain-10.2.0-2020.12.8-x86_64-linux-ubuntu14/bin/../lib/gcc/riscv64-unknown-elf/10.2.0/../../../../riscv64-unknown-elf/lib/rv64imfdc/lp64d/libc.a(lib_a-strtol.o)
 .bss           0x0000000000010c10        0x0 /home/riscv/tools/riscv-tools/SIFive-riscv-tools/2020.12/riscv64-unknown-elf-toolchain-10.2.0-2020.12.8-x86_64-linux-ubuntu14/bin/../lib/gcc/riscv64-unknown-elf/10.2.0/../../../../riscv64-unknown-elf/lib/rv64imfdc/lp64d/libc.a(lib_a-ctype_.o)

.sbss           0x0000000000010c10       0x28
 .sbss          0x0000000000010c10       0x28 whetstone.o
                0x0000000000010c10                L
                0x0000000000010c14                K
                0x0000000000010c18                J
                0x0000000000010c20                T2
                0x0000000000010c28                T1
                0x0000000000010c30                T
                0xd000000050580000                . = 0xd000000050580000

.data.io        0xd000000050580000        0x4
 *(.data.io)
 .data.io       0xd000000050580000        0x4 crt0.o
                0xd000000050580000                tohost
OUTPUT(whetstone.exe elf64-littleriscv)

.riscv.attributes
                0x0000000000000000       0x34
 .riscv.attributes
                0x0000000000000000       0x32 crt0.o
 .riscv.attributes
                0x0000000000000032       0x30 printf.o
 .riscv.attributes
                0x0000000000000062       0x34 whetstone.o
 .riscv.attributes
                0x0000000000000096       0x30 /home/riscv/tools/riscv-tools/SIFive-riscv-tools/2020.12/riscv64-unknown-elf-toolchain-10.2.0-2020.12.8-x86_64-linux-ubuntu14/bin/../lib/gcc/riscv64-unknown-elf/10.2.0/../../../../riscv64-unknown-elf/lib/rv64imfdc/lp64d/libm.a(lib_a-w_exp.o)
 .riscv.attributes
                0x00000000000000c6       0x30 /home/riscv/tools/riscv-tools/SIFive-riscv-tools/2020.12/riscv64-unknown-elf-toolchain-10.2.0-2020.12.8-x86_64-linux-ubuntu14/bin/../lib/gcc/riscv64-unknown-elf/10.2.0/../../../../riscv64-unknown-elf/lib/rv64imfdc/lp64d/libm.a(lib_a-w_log.o)
 .riscv.attributes
                0x00000000000000f6       0x30 /home/riscv/tools/riscv-tools/SIFive-riscv-tools/2020.12/riscv64-unknown-elf-toolchain-10.2.0-2020.12.8-x86_64-linux-ubuntu14/bin/../lib/gcc/riscv64-unknown-elf/10.2.0/../../../../riscv64-unknown-elf/lib/rv64imfdc/lp64d/libm.a(lib_a-w_sqrt.o)
 .riscv.attributes
                0x0000000000000126       0x30 /home/riscv/tools/riscv-tools/SIFive-riscv-tools/2020.12/riscv64-unknown-elf-toolchain-10.2.0-2020.12.8-x86_64-linux-ubuntu14/bin/../lib/gcc/riscv64-unknown-elf/10.2.0/../../../../riscv64-unknown-elf/lib/rv64imfdc/lp64d/libm.a(lib_a-e_exp.o)
 .riscv.attributes
                0x0000000000000156       0x30 /home/riscv/tools/riscv-tools/SIFive-riscv-tools/2020.12/riscv64-unknown-elf-toolchain-10.2.0-2020.12.8-x86_64-linux-ubuntu14/bin/../lib/gcc/riscv64-unknown-elf/10.2.0/../../../../riscv64-unknown-elf/lib/rv64imfdc/lp64d/libm.a(lib_a-e_log.o)
 .riscv.attributes
                0x0000000000000186       0x30 /home/riscv/tools/riscv-tools/SIFive-riscv-tools/2020.12/riscv64-unknown-elf-toolchain-10.2.0-2020.12.8-x86_64-linux-ubuntu14/bin/../lib/gcc/riscv64-unknown-elf/10.2.0/../../../../riscv64-unknown-elf/lib/rv64imfdc/lp64d/libm.a(lib_a-e_sqrt.o)
 .riscv.attributes
                0x00000000000001b6       0x30 /home/riscv/tools/riscv-tools/SIFive-riscv-tools/2020.12/riscv64-unknown-elf-toolchain-10.2.0-2020.12.8-x86_64-linux-ubuntu14/bin/../lib/gcc/riscv64-unknown-elf/10.2.0/../../../../riscv64-unknown-elf/lib/rv64imfdc/lp64d/libm.a(lib_a-math_err.o)
 .riscv.attributes
                0x00000000000001e6       0x30 /home/riscv/tools/riscv-tools/SIFive-riscv-tools/2020.12/riscv64-unknown-elf-toolchain-10.2.0-2020.12.8-x86_64-linux-ubuntu14/bin/../lib/gcc/riscv64-unknown-elf/10.2.0/../../../../riscv64-unknown-elf/lib/rv64imfdc/lp64d/libm.a(lib_a-s_finite.o)
 .riscv.attributes
                0x0000000000000216       0x30 /home/riscv/tools/riscv-tools/SIFive-riscv-tools/2020.12/riscv64-unknown-elf-toolchain-10.2.0-2020.12.8-x86_64-linux-ubuntu14/bin/../lib/gcc/riscv64-unknown-elf/10.2.0/../../../../riscv64-unknown-elf/lib/rv64imfdc/lp64d/libm.a(lib_a-s_nan.o)
 .riscv.attributes
                0x0000000000000246       0x30 /home/riscv/tools/riscv-tools/SIFive-riscv-tools/2020.12/riscv64-unknown-elf-toolchain-10.2.0-2020.12.8-x86_64-linux-ubuntu14/bin/../lib/gcc/riscv64-unknown-elf/10.2.0/../../../../riscv64-unknown-elf/lib/rv64imfdc/lp64d/libc.a(lib_a-atol.o)
 .riscv.attributes
                0x0000000000000276       0x30 /home/riscv/tools/riscv-tools/SIFive-riscv-tools/2020.12/riscv64-unknown-elf-toolchain-10.2.0-2020.12.8-x86_64-linux-ubuntu14/bin/../lib/gcc/riscv64-unknown-elf/10.2.0/../../../../riscv64-unknown-elf/lib/rv64imfdc/lp64d/libc.a(lib_a-errno.o)
 .riscv.attributes
                0x00000000000002a6       0x30 /home/riscv/tools/riscv-tools/SIFive-riscv-tools/2020.12/riscv64-unknown-elf-toolchain-10.2.0-2020.12.8-x86_64-linux-ubuntu14/bin/../lib/gcc/riscv64-unknown-elf/10.2.0/../../../../riscv64-unknown-elf/lib/rv64imfdc/lp64d/libc.a(lib_a-impure.o)
 .riscv.attributes
                0x00000000000002d6       0x30 /home/riscv/tools/riscv-tools/SIFive-riscv-tools/2020.12/riscv64-unknown-elf-toolchain-10.2.0-2020.12.8-x86_64-linux-ubuntu14/bin/../lib/gcc/riscv64-unknown-elf/10.2.0/../../../../riscv64-unknown-elf/lib/rv64imfdc/lp64d/libc.a(lib_a-strtol.o)
 .riscv.attributes
                0x0000000000000306       0x30 /home/riscv/tools/riscv-tools/SIFive-riscv-tools/2020.12/riscv64-unknown-elf-toolchain-10.2.0-2020.12.8-x86_64-linux-ubuntu14/bin/../lib/gcc/riscv64-unknown-elf/10.2.0/../../../../riscv64-unknown-elf/lib/rv64imfdc/lp64d/libc.a(lib_a-ctype_.o)

.comment        0x0000000000000000       0x30
 .comment       0x0000000000000000       0x30 printf.o
                                         0x31 (size before relaxing)
 .comment       0x0000000000000030       0x31 whetstone.o
 .comment       0x0000000000000030       0x31 /home/riscv/tools/riscv-tools/SIFive-riscv-tools/2020.12/riscv64-unknown-elf-toolchain-10.2.0-2020.12.8-x86_64-linux-ubuntu14/bin/../lib/gcc/riscv64-unknown-elf/10.2.0/../../../../riscv64-unknown-elf/lib/rv64imfdc/lp64d/libm.a(lib_a-w_exp.o)
 .comment       0x0000000000000030       0x31 /home/riscv/tools/riscv-tools/SIFive-riscv-tools/2020.12/riscv64-unknown-elf-toolchain-10.2.0-2020.12.8-x86_64-linux-ubuntu14/bin/../lib/gcc/riscv64-unknown-elf/10.2.0/../../../../riscv64-unknown-elf/lib/rv64imfdc/lp64d/libm.a(lib_a-w_log.o)
 .comment       0x0000000000000030       0x31 /home/riscv/tools/riscv-tools/SIFive-riscv-tools/2020.12/riscv64-unknown-elf-toolchain-10.2.0-2020.12.8-x86_64-linux-ubuntu14/bin/../lib/gcc/riscv64-unknown-elf/10.2.0/../../../../riscv64-unknown-elf/lib/rv64imfdc/lp64d/libm.a(lib_a-w_sqrt.o)
 .comment       0x0000000000000030       0x31 /home/riscv/tools/riscv-tools/SIFive-riscv-tools/2020.12/riscv64-unknown-elf-toolchain-10.2.0-2020.12.8-x86_64-linux-ubuntu14/bin/../lib/gcc/riscv64-unknown-elf/10.2.0/../../../../riscv64-unknown-elf/lib/rv64imfdc/lp64d/libm.a(lib_a-e_exp.o)
 .comment       0x0000000000000030       0x31 /home/riscv/tools/riscv-tools/SIFive-riscv-tools/2020.12/riscv64-unknown-elf-toolchain-10.2.0-2020.12.8-x86_64-linux-ubuntu14/bin/../lib/gcc/riscv64-unknown-elf/10.2.0/../../../../riscv64-unknown-elf/lib/rv64imfdc/lp64d/libm.a(lib_a-e_log.o)
 .comment       0x0000000000000030       0x31 /home/riscv/tools/riscv-tools/SIFive-riscv-tools/2020.12/riscv64-unknown-elf-toolchain-10.2.0-2020.12.8-x86_64-linux-ubuntu14/bin/../lib/gcc/riscv64-unknown-elf/10.2.0/../../../../riscv64-unknown-elf/lib/rv64imfdc/lp64d/libm.a(lib_a-e_sqrt.o)
 .comment       0x0000000000000030       0x31 /home/riscv/tools/riscv-tools/SIFive-riscv-tools/2020.12/riscv64-unknown-elf-toolchain-10.2.0-2020.12.8-x86_64-linux-ubuntu14/bin/../lib/gcc/riscv64-unknown-elf/10.2.0/../../../../riscv64-unknown-elf/lib/rv64imfdc/lp64d/libm.a(lib_a-math_err.o)
 .comment       0x0000000000000030       0x31 /home/riscv/tools/riscv-tools/SIFive-riscv-tools/2020.12/riscv64-unknown-elf-toolchain-10.2.0-2020.12.8-x86_64-linux-ubuntu14/bin/../lib/gcc/riscv64-unknown-elf/10.2.0/../../../../riscv64-unknown-elf/lib/rv64imfdc/lp64d/libm.a(lib_a-s_finite.o)
 .comment       0x0000000000000030       0x31 /home/riscv/tools/riscv-tools/SIFive-riscv-tools/2020.12/riscv64-unknown-elf-toolchain-10.2.0-2020.12.8-x86_64-linux-ubuntu14/bin/../lib/gcc/riscv64-unknown-elf/10.2.0/../../../../riscv64-unknown-elf/lib/rv64imfdc/lp64d/libm.a(lib_a-s_nan.o)
 .comment       0x0000000000000030       0x31 /home/riscv/tools/riscv-tools/SIFive-riscv-tools/2020.12/riscv64-unknown-elf-toolchain-10.2.0-2020.12.8-x86_64-linux-ubuntu14/bin/../lib/gcc/riscv64-unknown-elf/10.2.0/../../../../riscv64-unknown-elf/lib/rv64imfdc/lp64d/libc.a(lib_a-atol.o)
 .comment       0x0000000000000030       0x31 /home/riscv/tools/riscv-tools/SIFive-riscv-tools/2020.12/riscv64-unknown-elf-toolchain-10.2.0-2020.12.8-x86_64-linux-ubuntu14/bin/../lib/gcc/riscv64-unknown-elf/10.2.0/../../../../riscv64-unknown-elf/lib/rv64imfdc/lp64d/libc.a(lib_a-errno.o)
 .comment       0x0000000000000030       0x31 /home/riscv/tools/riscv-tools/SIFive-riscv-tools/2020.12/riscv64-unknown-elf-toolchain-10.2.0-2020.12.8-x86_64-linux-ubuntu14/bin/../lib/gcc/riscv64-unknown-elf/10.2.0/../../../../riscv64-unknown-elf/lib/rv64imfdc/lp64d/libc.a(lib_a-impure.o)
 .comment       0x0000000000000030       0x31 /home/riscv/tools/riscv-tools/SIFive-riscv-tools/2020.12/riscv64-unknown-elf-toolchain-10.2.0-2020.12.8-x86_64-linux-ubuntu14/bin/../lib/gcc/riscv64-unknown-elf/10.2.0/../../../../riscv64-unknown-elf/lib/rv64imfdc/lp64d/libc.a(lib_a-strtol.o)
 .comment       0x0000000000000030       0x31 /home/riscv/tools/riscv-tools/SIFive-riscv-tools/2020.12/riscv64-unknown-elf-toolchain-10.2.0-2020.12.8-x86_64-linux-ubuntu14/bin/../lib/gcc/riscv64-unknown-elf/10.2.0/../../../../riscv64-unknown-elf/lib/rv64imfdc/lp64d/libc.a(lib_a-ctype_.o)

.debug_info     0x0000000000000000     0x32b3
 .debug_info    0x0000000000000000     0x2a5e printf.o
 .debug_info    0x0000000000002a5e      0x855 whetstone.o

.debug_abbrev   0x0000000000000000      0x6a9
 .debug_abbrev  0x0000000000000000      0x430 printf.o
 .debug_abbrev  0x0000000000000430      0x279 whetstone.o

.debug_loc      0x0000000000000000     0x6515
 .debug_loc     0x0000000000000000     0x591f printf.o
 .debug_loc     0x000000000000591f      0xbf6 whetstone.o

.debug_aranges  0x0000000000000000       0x70
 .debug_aranges
                0x0000000000000000       0x30 printf.o
 .debug_aranges
                0x0000000000000030       0x40 whetstone.o

.debug_ranges   0x0000000000000000      0x930
 .debug_ranges  0x0000000000000000      0x860 printf.o
 .debug_ranges  0x0000000000000860       0xd0 whetstone.o

.debug_line     0x0000000000000000     0x65d5
 .debug_line    0x0000000000000000     0x4915 printf.o
 .debug_line    0x0000000000004915     0x1cc0 whetstone.o

.debug_str      0x0000000000000000      0x3bf
 .debug_str     0x0000000000000000      0x2ea printf.o
                                        0x371 (size before relaxing)
 .debug_str     0x00000000000002ea       0xd5 whetstone.o
                                        0x211 (size before relaxing)

.debug_frame    0x0000000000000000      0x4b8
 .debug_frame   0x0000000000000000      0x3b8 printf.o
 .debug_frame   0x00000000000003b8      0x100 whetstone.o
